<testsuites id="" name="" tests="3" failures="3" skipped="0" errors="0" time="8.173166">
<testsuite name="home.spec.ts" timestamp="2026-02-19T06:42:58.645Z" hostname="chromium" tests="3" failures="3" skipped="0" time="0.006" errors="0">
<testcase name="Home Page › should load successfully" classname="home.spec.ts" time="0.002">
<failure message="home.spec.ts:4:7 should load successfully" type="FAILURE">
<![CDATA[  [chromium] › home.spec.ts:4:7 › Home Page › should load successfully ─────────────────────────────

    Error: browserType.launch: Target page, context or browser has been closed
    Browser logs:

    <launching> /home/jacob/.cache/ms-playwright/chromium_headless_shell-1208/chrome-headless-shell-linux64/chrome-headless-shell --disable-field-trial-config --disable-background-networking --disable-background-timer-throttling --disable-backgrounding-occluded-windows --disable-back-forward-cache --disable-breakpad --disable-client-side-phishing-detection --disable-component-extensions-with-background-pages --disable-component-update --no-default-browser-check --disable-default-apps --disable-dev-shm-usage --disable-extensions --disable-features=AvoidUnnecessaryBeforeUnloadCheckSync,BoundaryEventDispatchTracksNodeRemoval,DestroyProfileOnBrowserClose,DialMediaRouteProvider,GlobalMediaControls,HttpsUpgrades,LensOverlay,MediaRouter,PaintHolding,ThirdPartyStoragePartitioning,Translate,AutoDeElevate,RenderDocument,OptimizationHints --enable-features=CDPScreenshotNewSurface --allow-pre-commit-input --disable-hang-monitor --disable-ipc-flooding-protection --disable-popup-blocking --disable-prompt-on-repost --disable-renderer-backgrounding --force-color-profile=srgb --metrics-recording-only --no-first-run --password-store=basic --use-mock-keychain --no-service-autorun --export-tagged-pdf --disable-search-engine-choice-screen --unsafely-disable-devtools-self-xss-warnings --edge-skip-compat-layer-relaunch --enable-automation --disable-infobars --disable-search-engine-choice-screen --disable-sync --enable-unsafe-swiftshader --headless --hide-scrollbars --mute-audio --blink-settings=primaryHoverType=2,availableHoverTypes=2,primaryPointerType=4,availablePointerTypes=4 --no-sandbox --user-data-dir=/tmp/playwright_chromiumdev_profile-0FyZTz --remote-debugging-pipe --no-startup-window
    <launched> pid=145421
    [pid=145421][err] /home/jacob/.cache/ms-playwright/chromium_headless_shell-1208/chrome-headless-shell-linux64/chrome-headless-shell: error while loading shared libraries: libatk-1.0.so.0: cannot open shared object file: No such file or directory
    Call log:
      - <launching> /home/jacob/.cache/ms-playwright/chromium_headless_shell-1208/chrome-headless-shell-linux64/chrome-headless-shell --disable-field-trial-config --disable-background-networking --disable-background-timer-throttling --disable-backgrounding-occluded-windows --disable-back-forward-cache --disable-breakpad --disable-client-side-phishing-detection --disable-component-extensions-with-background-pages --disable-component-update --no-default-browser-check --disable-default-apps --disable-dev-shm-usage --disable-extensions --disable-features=AvoidUnnecessaryBeforeUnloadCheckSync,BoundaryEventDispatchTracksNodeRemoval,DestroyProfileOnBrowserClose,DialMediaRouteProvider,GlobalMediaControls,HttpsUpgrades,LensOverlay,MediaRouter,PaintHolding,ThirdPartyStoragePartitioning,Translate,AutoDeElevate,RenderDocument,OptimizationHints --enable-features=CDPScreenshotNewSurface --allow-pre-commit-input --disable-hang-monitor --disable-ipc-flooding-protection --disable-popup-blocking --disable-prompt-on-repost --disable-renderer-backgrounding --force-color-profile=srgb --metrics-recording-only --no-first-run --password-store=basic --use-mock-keychain --no-service-autorun --export-tagged-pdf --disable-search-engine-choice-screen --unsafely-disable-devtools-self-xss-warnings --edge-skip-compat-layer-relaunch --enable-automation --disable-infobars --disable-search-engine-choice-screen --disable-sync --enable-unsafe-swiftshader --headless --hide-scrollbars --mute-audio --blink-settings=primaryHoverType=2,availableHoverTypes=2,primaryPointerType=4,availablePointerTypes=4 --no-sandbox --user-data-dir=/tmp/playwright_chromiumdev_profile-0FyZTz --remote-debugging-pipe --no-startup-window
      - <launched> pid=145421
      - [pid=145421][err] /home/jacob/.cache/ms-playwright/chromium_headless_shell-1208/chrome-headless-shell-linux64/chrome-headless-shell: error while loading shared libraries: libatk-1.0.so.0: cannot open shared object file: No such file or directory
      - [pid=145421] <gracefully close start>
      - [pid=145421] <kill>
      - [pid=145421] <will force kill>
      - [pid=145421] exception while trying to kill process: Error: kill ESRCH
      - [pid=145421] <process did exit: exitCode=127, signal=null>
      - [pid=145421] starting temporary directories cleanup
      - [pid=145421] finished temporary directories cleanup
      - [pid=145421] <gracefully close end>

]]>
</failure>
</testcase>
<testcase name="Home Page › should have navigation links" classname="home.spec.ts" time="0.002">
<failure message="home.spec.ts:9:7 should have navigation links" type="FAILURE">
<![CDATA[  [chromium] › home.spec.ts:9:7 › Home Page › should have navigation links ─────────────────────────

    Error: browserType.launch: Target page, context or browser has been closed
    Browser logs:

    <launching> /home/jacob/.cache/ms-playwright/chromium_headless_shell-1208/chrome-headless-shell-linux64/chrome-headless-shell --disable-field-trial-config --disable-background-networking --disable-background-timer-throttling --disable-backgrounding-occluded-windows --disable-back-forward-cache --disable-breakpad --disable-client-side-phishing-detection --disable-component-extensions-with-background-pages --disable-component-update --no-default-browser-check --disable-default-apps --disable-dev-shm-usage --disable-extensions --disable-features=AvoidUnnecessaryBeforeUnloadCheckSync,BoundaryEventDispatchTracksNodeRemoval,DestroyProfileOnBrowserClose,DialMediaRouteProvider,GlobalMediaControls,HttpsUpgrades,LensOverlay,MediaRouter,PaintHolding,ThirdPartyStoragePartitioning,Translate,AutoDeElevate,RenderDocument,OptimizationHints --enable-features=CDPScreenshotNewSurface --allow-pre-commit-input --disable-hang-monitor --disable-ipc-flooding-protection --disable-popup-blocking --disable-prompt-on-repost --disable-renderer-backgrounding --force-color-profile=srgb --metrics-recording-only --no-first-run --password-store=basic --use-mock-keychain --no-service-autorun --export-tagged-pdf --disable-search-engine-choice-screen --unsafely-disable-devtools-self-xss-warnings --edge-skip-compat-layer-relaunch --enable-automation --disable-infobars --disable-search-engine-choice-screen --disable-sync --enable-unsafe-swiftshader --headless --hide-scrollbars --mute-audio --blink-settings=primaryHoverType=2,availableHoverTypes=2,primaryPointerType=4,availablePointerTypes=4 --no-sandbox --user-data-dir=/tmp/playwright_chromiumdev_profile-QiDG0j --remote-debugging-pipe --no-startup-window
    <launched> pid=145434
    [pid=145434][err] /home/jacob/.cache/ms-playwright/chromium_headless_shell-1208/chrome-headless-shell-linux64/chrome-headless-shell: error while loading shared libraries: libatk-1.0.so.0: cannot open shared object file: No such file or directory
    Call log:
      - <launching> /home/jacob/.cache/ms-playwright/chromium_headless_shell-1208/chrome-headless-shell-linux64/chrome-headless-shell --disable-field-trial-config --disable-background-networking --disable-background-timer-throttling --disable-backgrounding-occluded-windows --disable-back-forward-cache --disable-breakpad --disable-client-side-phishing-detection --disable-component-extensions-with-background-pages --disable-component-update --no-default-browser-check --disable-default-apps --disable-dev-shm-usage --disable-extensions --disable-features=AvoidUnnecessaryBeforeUnloadCheckSync,BoundaryEventDispatchTracksNodeRemoval,DestroyProfileOnBrowserClose,DialMediaRouteProvider,GlobalMediaControls,HttpsUpgrades,LensOverlay,MediaRouter,PaintHolding,ThirdPartyStoragePartitioning,Translate,AutoDeElevate,RenderDocument,OptimizationHints --enable-features=CDPScreenshotNewSurface --allow-pre-commit-input --disable-hang-monitor --disable-ipc-flooding-protection --disable-popup-blocking --disable-prompt-on-repost --disable-renderer-backgrounding --force-color-profile=srgb --metrics-recording-only --no-first-run --password-store=basic --use-mock-keychain --no-service-autorun --export-tagged-pdf --disable-search-engine-choice-screen --unsafely-disable-devtools-self-xss-warnings --edge-skip-compat-layer-relaunch --enable-automation --disable-infobars --disable-search-engine-choice-screen --disable-sync --enable-unsafe-swiftshader --headless --hide-scrollbars --mute-audio --blink-settings=primaryHoverType=2,availableHoverTypes=2,primaryPointerType=4,availablePointerTypes=4 --no-sandbox --user-data-dir=/tmp/playwright_chromiumdev_profile-QiDG0j --remote-debugging-pipe --no-startup-window
      - <launched> pid=145434
      - [pid=145434][err] /home/jacob/.cache/ms-playwright/chromium_headless_shell-1208/chrome-headless-shell-linux64/chrome-headless-shell: error while loading shared libraries: libatk-1.0.so.0: cannot open shared object file: No such file or directory
      - [pid=145434] <gracefully close start>
      - [pid=145434] <kill>
      - [pid=145434] <will force kill>
      - [pid=145434] exception while trying to kill process: Error: kill ESRCH
      - [pid=145434] <process did exit: exitCode=127, signal=null>
      - [pid=145434] starting temporary directories cleanup
      - [pid=145434] finished temporary directories cleanup
      - [pid=145434] <gracefully close end>

]]>
</failure>
</testcase>
<testcase name="Home Page › should display hero section" classname="home.spec.ts" time="0.002">
<failure message="home.spec.ts:17:7 should display hero section" type="FAILURE">
<![CDATA[  [chromium] › home.spec.ts:17:7 › Home Page › should display hero section ─────────────────────────

    Error: browserType.launch: Target page, context or browser has been closed
    Browser logs:

    <launching> /home/jacob/.cache/ms-playwright/chromium_headless_shell-1208/chrome-headless-shell-linux64/chrome-headless-shell --disable-field-trial-config --disable-background-networking --disable-background-timer-throttling --disable-backgrounding-occluded-windows --disable-back-forward-cache --disable-breakpad --disable-client-side-phishing-detection --disable-component-extensions-with-background-pages --disable-component-update --no-default-browser-check --disable-default-apps --disable-dev-shm-usage --disable-extensions --disable-features=AvoidUnnecessaryBeforeUnloadCheckSync,BoundaryEventDispatchTracksNodeRemoval,DestroyProfileOnBrowserClose,DialMediaRouteProvider,GlobalMediaControls,HttpsUpgrades,LensOverlay,MediaRouter,PaintHolding,ThirdPartyStoragePartitioning,Translate,AutoDeElevate,RenderDocument,OptimizationHints --enable-features=CDPScreenshotNewSurface --allow-pre-commit-input --disable-hang-monitor --disable-ipc-flooding-protection --disable-popup-blocking --disable-prompt-on-repost --disable-renderer-backgrounding --force-color-profile=srgb --metrics-recording-only --no-first-run --password-store=basic --use-mock-keychain --no-service-autorun --export-tagged-pdf --disable-search-engine-choice-screen --unsafely-disable-devtools-self-xss-warnings --edge-skip-compat-layer-relaunch --enable-automation --disable-infobars --disable-search-engine-choice-screen --disable-sync --enable-unsafe-swiftshader --headless --hide-scrollbars --mute-audio --blink-settings=primaryHoverType=2,availableHoverTypes=2,primaryPointerType=4,availablePointerTypes=4 --no-sandbox --user-data-dir=/tmp/playwright_chromiumdev_profile-BuQ3kY --remote-debugging-pipe --no-startup-window
    <launched> pid=145447
    [pid=145447][err] /home/jacob/.cache/ms-playwright/chromium_headless_shell-1208/chrome-headless-shell-linux64/chrome-headless-shell: error while loading shared libraries: libatk-1.0.so.0: cannot open shared object file: No such file or directory
    Call log:
      - <launching> /home/jacob/.cache/ms-playwright/chromium_headless_shell-1208/chrome-headless-shell-linux64/chrome-headless-shell --disable-field-trial-config --disable-background-networking --disable-background-timer-throttling --disable-backgrounding-occluded-windows --disable-back-forward-cache --disable-breakpad --disable-client-side-phishing-detection --disable-component-extensions-with-background-pages --disable-component-update --no-default-browser-check --disable-default-apps --disable-dev-shm-usage --disable-extensions --disable-features=AvoidUnnecessaryBeforeUnloadCheckSync,BoundaryEventDispatchTracksNodeRemoval,DestroyProfileOnBrowserClose,DialMediaRouteProvider,GlobalMediaControls,HttpsUpgrades,LensOverlay,MediaRouter,PaintHolding,ThirdPartyStoragePartitioning,Translate,AutoDeElevate,RenderDocument,OptimizationHints --enable-features=CDPScreenshotNewSurface --allow-pre-commit-input --disable-hang-monitor --disable-ipc-flooding-protection --disable-popup-blocking --disable-prompt-on-repost --disable-renderer-backgrounding --force-color-profile=srgb --metrics-recording-only --no-first-run --password-store=basic --use-mock-keychain --no-service-autorun --export-tagged-pdf --disable-search-engine-choice-screen --unsafely-disable-devtools-self-xss-warnings --edge-skip-compat-layer-relaunch --enable-automation --disable-infobars --disable-search-engine-choice-screen --disable-sync --enable-unsafe-swiftshader --headless --hide-scrollbars --mute-audio --blink-settings=primaryHoverType=2,availableHoverTypes=2,primaryPointerType=4,availablePointerTypes=4 --no-sandbox --user-data-dir=/tmp/playwright_chromiumdev_profile-BuQ3kY --remote-debugging-pipe --no-startup-window
      - <launched> pid=145447
      - [pid=145447][err] /home/jacob/.cache/ms-playwright/chromium_headless_shell-1208/chrome-headless-shell-linux64/chrome-headless-shell: error while loading shared libraries: libatk-1.0.so.0: cannot open shared object file: No such file or directory
      - [pid=145447] <gracefully close start>
      - [pid=145447] <kill>
      - [pid=145447] <will force kill>
      - [pid=145447] exception while trying to kill process: Error: kill ESRCH
      - [pid=145447] <process did exit: exitCode=127, signal=null>
      - [pid=145447] starting temporary directories cleanup
      - [pid=145447] finished temporary directories cleanup
      - [pid=145447] <gracefully close end>

]]>
</failure>
</testcase>
</testsuite>
</testsuites>